Stage 1/2 — per-clip retime + normalise (Decisions 1-4)
  scene 1: source 2.866667s -> target 3.306s, rendered 3.3s (factor 0.8671x) -> actual 3.300000s
  scene 2: source 4.266667s -> target 4.172s, rendered 4.166666666666667s (factor 1.0227x) -> actual 4.166667s
  scene 3: source 2.366667s -> target 1.461s, rendered 1.4666666666666666s (factor 1.6199x) -> actual 1.466016s
  scene 4: source 2.300000s -> target 1.645s, rendered 1.6666666666666667s (factor 1.3982x) -> actual 1.666016s
  scene 5: source 2.900000s -> target 1.596s, rendered 1.5666666666666667s (factor 1.817x) -> actual 1.566016s
  scene 6: source 1.800000s -> target 2.124s, rendered 2.1333333333333333s (factor 0.8475x) -> actual 2.133008s
  scene 7: source 3.800000s -> target 6.418s, rendered 6.433333333333334s (factor 0.5921x) -> actual 6.433333s
  scene 8: source 3.600000s -> target 5.249s, rendered 5.233333333333333s (factor 0.6858x) -> actual 5.233333s
  scene 9: source 3.233333s -> target 2.098s, rendered 2.1s (factor 1.5412x) -> actual 2.100000s
  scene 10: source 2.000000s -> target 2.319s, rendered 2.3333333333333335s (factor 0.8624x) -> actual 2.333008s
  scene 11: source 3.500000s -> target 2.136s, rendered 2.1333333333333333s (factor 1.6386x) -> actual 2.133008s
  scene 12: source 3.800000s -> target 4.36s, rendered 4.366666666666666s (factor 0.8716x) -> actual 4.366667s
  scene 13: source 2.900000s -> target 3.959s, rendered 3.933333333333333s (factor 0.7325x) -> actual 3.933333s
  scene 14: source 3.100000s -> target 2.182s, rendered 2.2s (factor 1.4207x) -> actual 2.200000s
  scene 15: source 3.566667s -> target 4.58s, rendered 4.566666666666666s (factor 0.7787x) -> actual 4.566667s
  scene 16: source 2.666667s -> target 1.66s, rendered 1.6666666666666667s (factor 1.6064x) -> actual 1.666016s
  scene 17: source 4.266667s -> target 3.565s, rendered 3.566666666666667s (factor 1.1968x) -> actual 3.566667s
  scene 18: source 4.100000s -> target 3.372s, rendered 3.3666666666666667s (factor 1.2159x) -> actual 3.366667s
  scene 19: source 2.833333s -> target 2.062s, rendered 2.066666666666667s (factor 1.3741x) -> actual 2.066016s
  scene 20: source 2.633333s -> target 2.933s, rendered 2.933333333333333s (factor 0.8978x) -> actual 2.933333s
  scene 21: source 4.233333s -> target 2.734s, rendered 2.7333333333333334s (factor 1.5484x) -> actual 2.733333s
  scene 22: source 3.600000s -> target 3.202s, rendered 3.2s (factor 1.1243x) -> actual 3.200000s
  scene 23: source 2.900000s -> target 3.496s, rendered 3.5s (factor 0.8295x) -> actual 3.500000s
  scene 24: source 2.233333s -> target 3.765s, rendered 3.7666666666666666s (factor 0.5932x) -> actual 3.766667s
  scene 25: source 4.333333s -> target 2.491s, rendered 2.5s (factor 1.7396x) -> actual 2.500000s
  scene 26: source 1.566667s -> target 1.018s, rendered 1.0s (factor 1.539x) -> actual 1.000000s
  scene 27: source 3.233333s -> target 2.512s, rendered 2.5s (factor 1.2872x) -> actual 2.500000s
  scene 28: source 1.633333s -> target 0.946s, rendered 0.9666666666666667s (factor 1.7266x) -> actual 0.966016s
  scene 29: source 2.366667s -> target 1.56s, rendered 1.5666666666666667s (factor 1.5171x) -> actual 1.566667s
  scene 30: source 1.733333s -> target 1.399s, rendered 1.4s (factor 1.239x) -> actual 1.400000s
  scene 31: source 3.733333s -> target 4.113s, rendered 4.1s (factor 0.9077x) -> actual 4.100000s
  scene 32: source 1.900000s -> target 1.933s, rendered 1.9333333333333333s (factor 0.9829x) -> actual 1.933333s
  scene 33: source 3.300000s -> target 3.019s, rendered 3.033333333333333s (factor 1.0931x) -> actual 3.033333s
  scene 34: source 4.100000s -> target 3.867s, rendered 3.8666666666666667s (factor 1.0603x) -> actual 3.866667s
  scene 35: source 3.400000s -> target 2.336s, rendered 2.3333333333333335s (factor 1.4555x) -> actual 2.333333s
  scene 36: source 3.400000s -> target 1.848s, rendered 1.8333333333333333s (factor 1.8398x) -> actual 1.833008s
  scene 37: source 1.600000s -> target 0.894s, rendered 0.9s (factor 1.7897x) -> actual 0.900000s
  scene 38: source 3.800000s -> target 4.258s, rendered 4.266666666666667s (factor 0.8924x) -> actual 4.266667s
  scene 39: source 3.966667s -> target 2.795s, rendered 2.7666666666666666s (factor 1.4192x) -> actual 2.766667s
  scene 40: source 3.333333s -> target 2.588s, rendered 2.6s (factor 1.288x) -> actual 2.600000s
Stage 2/2 — concatenate (ascending order) + mux voice-over (Decision 2), encode H.264, copy audio
Done: work/long-session-assembled-v4.mp4
duration=111.971000
