Stage 1/2 — per-clip retime + normalise (Decisions 1-3)
  scene 1: source 2.866667s -> target 3.306s (factor 0.8671x) -> actual 3.300000s
  scene 2: source 4.266667s -> target 4.172s (factor 1.0227x) -> actual 4.166667s
  scene 3: source 2.366667s -> target 1.461s (factor 1.6199x) -> actual 1.466016s
  scene 4: source 2.300000s -> target 1.645s (factor 1.3982x) -> actual 1.633008s
  scene 5: source 2.900000s -> target 1.596s (factor 1.817x) -> actual 1.600000s
  scene 6: source 1.800000s -> target 2.124s (factor 0.8475x) -> actual 2.133008s
  scene 7: source 3.800000s -> target 6.418s (factor 0.5921x) -> actual 6.433333s
  scene 8: source 3.600000s -> target 5.249s (factor 0.6858x) -> actual 5.233333s
  scene 9: source 3.233333s -> target 2.098s (factor 1.5412x) -> actual 2.100000s
  scene 10: source 2.000000s -> target 2.319s (factor 0.8624x) -> actual 2.333333s
  scene 11: source 3.500000s -> target 2.136s (factor 1.6386x) -> actual 2.133008s
  scene 12: source 3.800000s -> target 4.36s (factor 0.8716x) -> actual 4.366667s
  scene 13: source 2.900000s -> target 3.959s (factor 0.7325x) -> actual 3.966667s
  scene 14: source 3.100000s -> target 2.182s (factor 1.4207x) -> actual 2.166016s
  scene 15: source 3.566667s -> target 4.58s (factor 0.7787x) -> actual 4.566667s
  scene 16: source 2.666667s -> target 1.66s (factor 1.6064x) -> actual 1.666016s
  scene 17: source 4.266667s -> target 3.565s (factor 1.1968x) -> actual 3.566667s
  scene 18: source 4.100000s -> target 3.372s (factor 1.2159x) -> actual 3.366667s
  scene 19: source 2.833333s -> target 2.062s (factor 1.3741x) -> actual 2.066016s
  scene 20: source 2.633333s -> target 2.933s (factor 0.8978x) -> actual 2.933333s
  scene 21: source 4.233333s -> target 2.734s (factor 1.5484x) -> actual 2.733333s
  scene 22: source 3.600000s -> target 3.202s (factor 1.1243x) -> actual 3.200000s
  scene 23: source 2.900000s -> target 3.496s (factor 0.8295x) -> actual 3.500000s
  scene 24: source 2.233333s -> target 3.765s (factor 0.5932x) -> actual 3.766667s
  scene 25: source 4.333333s -> target 2.491s (factor 1.7396x) -> actual 2.500000s
  scene 26: source 1.566667s -> target 1.018s (factor 1.539x) -> actual 1.033333s
  scene 27: source 3.233333s -> target 2.512s (factor 1.2872x) -> actual 2.500000s
  scene 28: source 1.633333s -> target 0.946s (factor 1.7266x) -> actual 0.933008s
  scene 29: source 2.366667s -> target 1.56s (factor 1.5171x) -> actual 1.566667s
  scene 30: source 1.733333s -> target 1.399s (factor 1.239x) -> actual 1.400000s
  scene 31: source 3.733333s -> target 4.113s (factor 0.9077x) -> actual 4.100000s
  scene 32: source 1.900000s -> target 1.933s (factor 0.9829x) -> actual 1.933333s
  scene 33: source 3.300000s -> target 3.019s (factor 1.0931x) -> actual 3.033333s
  scene 34: source 4.100000s -> target 3.867s (factor 1.0603x) -> actual 3.866667s
  scene 35: source 3.400000s -> target 2.336s (factor 1.4555x) -> actual 2.333333s
  scene 36: source 3.400000s -> target 1.848s (factor 1.8398x) -> actual 1.833008s
  scene 37: source 1.600000s -> target 0.894s (factor 1.7897x) -> actual 0.900000s
  scene 38: source 3.800000s -> target 4.258s (factor 0.8924x) -> actual 4.266667s
  scene 39: source 3.966667s -> target 2.795s (factor 1.4192x) -> actual 2.800000s
  scene 40: source 3.333333s -> target 2.588s (factor 1.288x) -> actual 2.600000s
Stage 2/2 — concatenate (ascending order) + mux voice-over (Decision 2), encode H.264/AAC
Done: work/long-session-assembled.mp4
duration=112.000000
