Stage 1/2 — per-clip retime + normalise (Decisions 1-3)
  scene 1: source 2.866667s -> target 3.306s (factor 0.8671x) -> actual 3.300000s
  scene 2: source 4.266667s -> target 4.172s (factor 1.0227x) -> actual 4.166667s
  scene 3: source 2.366667s -> target 1.461s (factor 1.6199x) -> actual 1.466016s
  scene 4: source 2.300000s -> target 1.645s (factor 1.3982x) -> actual 1.633008s
  scene 5: source 2.900000s -> target 1.596s (factor 1.817x) -> actual 1.600000s
  scene 6: source 1.800000s -> target 2.124s (factor 0.8475x) -> actual 2.133008s
  scene 7: source 3.800000s -> target 6.418s (factor 0.5921x) -> actual 6.433333s
  scene 8: source 3.600000s -> target 5.249s (factor 0.6858x) -> actual 5.233333s
  scene 9: source 3.233333s -> target 2.098s (factor 1.5412x) -> actual 2.100000s
  scene 10: source 2.000000s -> target 2.319s (factor 0.8624x) -> actual 2.333333s
  scene 11: source 3.500000s -> target 2.136s (factor 1.6386x) -> actual 2.133008s
  scene 12: source 3.800000s -> target 4.36s (factor 0.8716x) -> actual 4.366667s
  scene 13: source 2.900000s -> target 3.959s (factor 0.7325x) -> actual 3.966667s
  scene 14: source 3.100000s -> target 2.182s (factor 1.4207x) -> actual 2.166016s
  scene 15: source 3.566667s -> target 4.58s (factor 0.7787x) -> actual 4.566667s
  scene 16: source 2.666667s -> target 1.66s (factor 1.6064x) -> actual 1.666016s
  scene 17: source 4.266667s -> target 3.565s (factor 1.1968x) -> actual 3.566667s
  scene 18: source 4.100000s -> target 3.372s (factor 1.2159x) -> actual 3.366667s
  scene 19: source 2.833333s -> target 2.062s (factor 1.3741x) -> actual 2.066016s
  scene 20: source 2.633333s -> target 2.933s (factor 0.8978x) -> actual 2.933333s
  scene 21: source 4.233333s -> target 2.734s (factor 1.5484x) -> actual 2.733333s
  scene 22: source 3.600000s -> target 3.202s (factor 1.1243x) -> actual 3.200000s
  scene 23: source 2.900000s -> target 3.496s (factor 0.8295x) -> actual 3.500000s
  scene 24: source 2.233333s -> target 3.765s (factor 0.5932x) -> actual 3.766667s
  scene 25: source 4.333333s -> target 2.491s (factor 1.7396x) -> actual 2.500000s
  scene 26: source 1.566667s -> target 1.018s (factor 1.539x) -> actual 1.033333s
  scene 27: source 3.233333s -> target 2.512s (factor 1.2872x) -> actual 2.500000s
  scene 28: source 1.633333s -> target 0.946s (factor 1.7266x) -> actual 0.933008s
  scene 29: source 2.366667s -> target 1.56s (factor 1.5171x) -> actual 1.566667s
  scene 30: source 1.733333s -> target 1.399s (factor 1.239x) -> actual 1.400000s
  scene 31: source 3.733333s -> target 4.113s (factor 0.9077x) -> actual 4.100000s
  scene 32: source 1.900000s -> target 1.933s (factor 0.9829x) -> actual 1.933333s
  scene 33: source 3.300000s -> target 3.019s (factor 1.0931x) -> actual 3.033333s
  scene 34: source 4.100000s -> target 3.867s (factor 1.0603x) -> actual 3.866667s
  scene 35: source 3.400000s -> target 2.336s (factor 1.4555x) -> actual 2.333333s
  scene 36: source 3.400000s -> target 1.848s (factor 1.8398x) -> actual 1.833008s
  scene 37: source 1.600000s -> target 0.894s (factor 1.7897x) -> actual 0.900000s
  scene 38: source 3.800000s -> target 4.258s (factor 0.8924x) -> actual 4.266667s
  scene 39: source 3.966667s -> target 2.795s (factor 1.4192x) -> actual 2.800000s
  scene 40: source 3.333333s -> target 2.588s (factor 1.288x) -> actual 2.600000s
  scene 41: source 2.766667s -> target 1.935s (factor 1.4298x) -> actual 1.933333s
  scene 42: source 1.566667s -> target 2.624s (factor 0.5971x) -> actual 2.633333s
  scene 43: source 4.500000s -> target 4.629s (factor 0.9721x) -> actual 4.633333s
  scene 44: source 2.166667s -> target 1.508s (factor 1.4368x) -> actual 1.500000s
  scene 45: source 1.766667s -> target 1.394s (factor 1.2673x) -> actual 1.400000s
  scene 46: source 2.566667s -> target 2.687s (factor 0.9552x) -> actual 2.700000s
  scene 47: source 2.500000s -> target 3.504s (factor 0.7135x) -> actual 3.500000s
  scene 48: source 3.300000s -> target 1.904s (factor 1.7332x) -> actual 1.900000s
  scene 49: source 3.533333s -> target 5.184s (factor 0.6816x) -> actual 5.200000s
  scene 50: source 4.300000s -> target 7.114s (factor 0.6044x) -> actual 7.100000s
  scene 51: source 4.300000s -> target 4.954s (factor 0.868x) -> actual 4.966667s
  scene 52: source 2.133333s -> target 2.019s (factor 1.0566x) -> actual 2.033333s
  scene 53: source 3.200000s -> target 2.0s (factor 1.6x) -> actual 2.000000s
  scene 54: source 4.400000s -> target 2.813s (factor 1.5642x) -> actual 2.800000s
  scene 55: source 3.233333s -> target 3.8s (factor 0.8509x) -> actual 3.800000s
  scene 56: source 3.700000s -> target 5.64s (factor 0.656x) -> actual 5.633333s
  scene 57: source 3.000000s -> target 2.312s (factor 1.2976x) -> actual 2.300000s
  scene 58: source 3.033333s -> target 5.453s (factor 0.5563x) -> actual 5.466667s
  scene 59: source 1.966667s -> target 2.722s (factor 0.7225x) -> actual 2.733333s
  scene 60: source 3.166667s -> target 2.852s (factor 1.1103x) -> actual 2.866667s
  scene 61: source 3.433333s -> target 4.586s (factor 0.7487x) -> actual 4.600000s
  scene 62: source 3.666667s -> target 5.505s (factor 0.6661x) -> actual 5.500000s
  scene 63: source 3.133333s -> target 2.209s (factor 1.4184x) -> actual 2.200000s
  scene 64: source 3.800000s -> target 4.252s (factor 0.8937x) -> actual 4.266667s
  scene 65: source 2.600000s -> target 1.393s (factor 1.8665x) -> actual 1.400000s
  scene 66: source 3.200000s -> target 2.774s (factor 1.1536x) -> actual 2.766667s
  scene 67: source 2.066667s -> target 1.63s (factor 1.2679x) -> actual 1.633333s
  scene 68: source 2.866667s -> target 3.213s (factor 0.8922x) -> actual 3.200000s
  scene 69: source 3.233333s -> target 2.0s (factor 1.6167x) -> actual 2.000000s
  scene 70: source 2.633333s -> target 1.65s (factor 1.596x) -> actual 1.666667s
  scene 71: source 2.300000s -> target 2.12s (factor 1.0849x) -> actual 2.133333s
  scene 72: source 2.100000s -> target 2.461s (factor 0.8533x) -> actual 2.466016s
  scene 73: source 3.700000s -> target 1.96s (factor 1.8878x) -> actual 1.966016s
  scene 74: source 2.433333s -> target 2.613s (factor 0.9312x) -> actual 2.600000s
  scene 75: source 4.200000s -> target 6.435s (factor 0.6527x) -> actual 6.433333s
  scene 76: source 2.933333s -> target 4.899s (factor 0.5988x) -> actual 4.900000s
  scene 77: source 3.300000s -> target 2.107s (factor 1.5662x) -> actual 2.100000s
  scene 78: source 3.466667s -> target 2.693s (factor 1.2873x) -> actual 2.700000s
  scene 79: source 2.766667s -> target 1.833s (factor 1.5094x) -> actual 1.833333s
  scene 80: source 2.533333s -> target 2.961s (factor 0.8556x) -> actual 2.966016s
  scene 81: source 1.700000s -> target 2.467s (factor 0.6891x) -> actual 2.466667s
  scene 82: source 4.300000s -> target 3.544s (factor 1.2133x) -> actual 3.533333s
  scene 83: source 3.700000s -> target 2.322s (factor 1.5935x) -> actual 2.333333s
  scene 84: source 4.200000s -> target 6.769s (factor 0.6205x) -> actual 6.766667s
  scene 85: source 2.433333s -> target 1.404s (factor 1.7331x) -> actual 1.400000s
  scene 86: source 2.766667s -> target 2.859s (factor 0.9677x) -> actual 2.866667s
  scene 87: source 2.133333s -> target 2.277s (factor 0.9369x) -> actual 2.266667s
  scene 88: source 1.933333s -> target 1.077s (factor 1.7951x) -> actual 1.066016s
  scene 89: source 2.233333s -> target 1.743s (factor 1.2813x) -> actual 1.733333s
  scene 90: source 4.233333s -> target 4.965s (factor 0.8526x) -> actual 4.966016s
  scene 91: source 3.200000s -> target 4.307s (factor 0.743x) -> actual 4.300000s
  scene 92: source 2.633333s -> target 3.706s (factor 0.7106x) -> actual 3.700000s
  scene 93: source 1.500000s -> target 1.034s (factor 1.4507x) -> actual 1.033333s
  scene 94: source 1.600000s -> target 1.79s (factor 0.8939x) -> actual 1.800000s
  scene 95: source 2.000000s -> target 2.206s (factor 0.9066x) -> actual 2.200000s
  scene 96: source 3.000000s -> target 4.342s (factor 0.6909x) -> actual 4.333333s
  scene 97: source 2.900000s -> target 1.988s (factor 1.4588x) -> actual 2.000000s
  scene 98: source 2.966667s -> target 3.285s (factor 0.9031x) -> actual 3.300000s
  scene 99: source 2.400000s -> target 3.125s (factor 0.768x) -> actual 3.133333s
  scene 100: source 1.700000s -> target 1.073s (factor 1.5843x) -> actual 1.066667s
  scene 101: source 3.000000s -> target 1.619s (factor 1.853x) -> actual 1.633008s
  scene 102: source 3.466667s -> target 3.697s (factor 0.9377x) -> actual 3.700000s
  scene 103: source 2.866667s -> target 1.532s (factor 1.8712x) -> actual 1.533008s
  scene 104: source 4.100000s -> target 2.275s (factor 1.8022x) -> actual 2.266016s
  scene 105: source 2.800000s -> target 2.734s (factor 1.0241x) -> actual 2.733333s
  scene 106: source 2.800000s -> target 1.778s (factor 1.5748x) -> actual 1.766667s
  scene 107: source 1.800000s -> target 1.724s (factor 1.0441x) -> actual 1.733333s
  scene 108: source 2.533333s -> target 1.328s (factor 1.9076x) -> actual 1.333008s
  scene 109: source 4.200000s -> target 5.714s (factor 0.735x) -> actual 5.700000s
  scene 110: source 3.366667s -> target 2.103s (factor 1.6009x) -> actual 2.100000s
  scene 111: source 3.433333s -> target 4.373s (factor 0.7851x) -> actual 4.366667s
  scene 112: source 3.500000s -> target 2.456s (factor 1.4251x) -> actual 2.466016s
  scene 113: source 4.033333s -> target 2.33s (factor 1.731x) -> actual 2.333008s
  scene 114: source 2.700000s -> target 1.887s (factor 1.4308x) -> actual 1.900000s
  scene 115: source 3.600000s -> target 2.298s (factor 1.5666x) -> actual 2.300000s
  scene 116: source 3.400000s -> target 2.238s (factor 1.5192x) -> actual 2.233333s
  scene 117: source 1.766667s -> target 2.636s (factor 0.6702x) -> actual 2.633333s
  scene 118: source 2.133333s -> target 2.189s (factor 0.9746x) -> actual 2.200000s
  scene 119: source 2.600000s -> target 1.778s (factor 1.4623x) -> actual 1.766667s
  scene 120: source 3.666667s -> target 3.25s (factor 1.1282x) -> actual 3.233333s
  scene 121: source 3.600000s -> target 2.737s (factor 1.3153x) -> actual 2.733333s
  scene 122: source 1.900000s -> target 1.238s (factor 1.5347x) -> actual 1.233333s
  scene 123: source 3.533333s -> target 3.922s (factor 0.9009x) -> actual 3.933333s
  scene 124: source 2.000000s -> target 1.503s (factor 1.3307x) -> actual 1.500000s
  scene 125: source 1.666667s -> target 1.129s (factor 1.4762x) -> actual 1.133333s
  scene 126: source 2.633333s -> target 3.788s (factor 0.6952x) -> actual 3.800000s
  scene 127: source 3.200000s -> target 3.911s (factor 0.8182x) -> actual 3.900000s
  scene 128: source 4.433333s -> target 6.354s (factor 0.6977x) -> actual 6.366667s
  scene 129: source 3.033333s -> target 2.766s (factor 1.0966x) -> actual 2.766667s
  scene 130: source 2.900000s -> target 3.122s (factor 0.9289x) -> actual 3.133333s
  scene 131: source 2.600000s -> target 1.676s (factor 1.5513x) -> actual 1.666667s
  scene 132: source 1.633333s -> target 2.382s (factor 0.6857x) -> actual 2.366667s
  scene 133: source 3.966667s -> target 2.764s (factor 1.4351x) -> actual 2.766667s
  scene 134: source 1.666667s -> target 0.977s (factor 1.7059x) -> actual 0.966016s
  scene 135: source 3.600000s -> target 3.521s (factor 1.0224x) -> actual 3.533333s
  scene 136: source 3.633333s -> target 2.127s (factor 1.7082x) -> actual 2.133008s
  scene 137: source 1.600000s -> target 2.005s (factor 0.798x) -> actual 2.000000s
  scene 138: source 1.933333s -> target 1.137s (factor 1.7004x) -> actual 1.133008s
  scene 139: source 3.533333s -> target 3.766s (factor 0.9382x) -> actual 3.766667s
  scene 140: source 4.233333s -> target 2.349s (factor 1.8022x) -> actual 2.333008s
  scene 141: source 2.000000s -> target 1.142s (factor 1.7513x) -> actual 1.133008s
  scene 142: source 3.200000s -> target 3.926s (factor 0.8151x) -> actual 3.933008s
  scene 143: source 2.266667s -> target 2.868s (factor 0.7903x) -> actual 2.866667s
  scene 144: source 4.100000s -> target 3.046s (factor 1.346x) -> actual 3.033008s
  scene 145: source 3.533333s -> target 2.097s (factor 1.6849x) -> actual 2.100000s
  scene 146: source 3.033333s -> target 5.118s (factor 0.5927x) -> actual 5.133333s
  scene 147: source 3.266667s -> target 2.64s (factor 1.2374x) -> actual 2.633333s
  scene 148: source 4.400000s -> target 2.61s (factor 1.6858x) -> actual 2.600000s
  scene 149: source 1.900000s -> target 2.448s (factor 0.7761x) -> actual 2.433333s
  scene 150: source 4.266667s -> target 3.305s (factor 1.291x) -> actual 3.300000s
  scene 151: source 4.000000s -> target 2.474s (factor 1.6168x) -> actual 2.466016s
  scene 152: source 4.300000s -> target 2.275s (factor 1.8901x) -> actual 2.266016s
  scene 153: source 3.733333s -> target 3.023s (factor 1.235x) -> actual 3.033333s
  scene 154: source 3.200000s -> target 4.266s (factor 0.7501x) -> actual 4.266667s
  scene 155: source 3.133333s -> target 2.655s (factor 1.1802x) -> actual 2.666667s
  scene 156: source 2.133333s -> target 2.097s (factor 1.0173x) -> actual 2.100000s
  scene 157: source 3.066667s -> target 5.507s (factor 0.5569x) -> actual 5.500000s
  scene 158: source 1.700000s -> target 2.206s (factor 0.7706x) -> actual 2.200000s
  scene 159: source 2.200000s -> target 1.576s (factor 1.3959x) -> actual 1.566016s
  scene 160: source 2.333333s -> target 1.363s (factor 1.7119x) -> actual 1.366016s
  scene 161: source 3.966667s -> target 4.994s (factor 0.7943x) -> actual 5.000000s
  scene 162: source 1.500000s -> target 0.873s (factor 1.7182x) -> actual 0.866016s
  scene 163: source 1.866667s -> target 1.193s (factor 1.5647x) -> actual 1.200000s
  scene 164: source 3.666667s -> target 2.424s (factor 1.5127x) -> actual 2.433333s
  scene 165: source 4.133333s -> target 3.73s (factor 1.1081x) -> actual 3.733333s
  scene 166: source 4.433333s -> target 2.514s (factor 1.7635x) -> actual 2.500000s
  scene 167: source 1.766667s -> target 1.261s (factor 1.401x) -> actual 1.266016s
  scene 168: source 2.533333s -> target 3.735s (factor 0.6783x) -> actual 3.733333s
  scene 169: source 2.233333s -> target 1.519s (factor 1.4703x) -> actual 1.533333s
  scene 170: source 1.566667s -> target 2.1s (factor 0.746x) -> actual 2.100000s
  scene 171: source 3.966667s -> target 3.555s (factor 1.1158x) -> actual 3.566667s
  scene 172: source 2.233333s -> target 1.385s (factor 1.6125x) -> actual 1.400000s
  scene 173: source 1.633333s -> target 1.758s (factor 0.9291x) -> actual 1.766667s
  scene 174: source 2.100000s -> target 2.665s (factor 0.788x) -> actual 2.666667s
  scene 175: source 2.066667s -> target 1.176s (factor 1.7574x) -> actual 1.166016s
  scene 176: source 4.300000s -> target 3.386s (factor 1.2699x) -> actual 3.400000s
  scene 177: source 3.266667s -> target 1.754s (factor 1.8624x) -> actual 1.766016s
  scene 178: source 3.066667s -> target 4.011s (factor 0.7646x) -> actual 4.000000s
  scene 179: source 3.266667s -> target 2.012s (factor 1.6236x) -> actual 2.000000s
  scene 180: source 2.666667s -> target 4.19s (factor 0.6364x) -> actual 4.200000s
  scene 181: source 1.700000s -> target 0.906s (factor 1.8764x) -> actual 0.900000s
  scene 182: source 4.066667s -> target 2.958s (factor 1.3748x) -> actual 2.966016s
  scene 183: source 3.333333s -> target 3.016s (factor 1.1052x) -> actual 3.000000s
  scene 184: source 3.400000s -> target 2.528s (factor 1.3449x) -> actual 2.533008s
  scene 185: source 2.866667s -> target 1.837s (factor 1.5605x) -> actual 1.833333s
  scene 186: source 3.800000s -> target 2.014s (factor 1.8868x) -> actual 2.000000s
  scene 187: source 2.166667s -> target 1.654s (factor 1.31x) -> actual 1.666667s
  scene 188: source 3.466667s -> target 6.128s (factor 0.5657x) -> actual 6.133333s
  scene 189: source 2.300000s -> target 3.17s (factor 0.7256x) -> actual 3.166667s
  scene 190: source 3.100000s -> target 1.846s (factor 1.6793x) -> actual 1.833008s
  scene 191: source 2.866667s -> target 2.612s (factor 1.0975x) -> actual 2.600000s
  scene 192: source 3.633333s -> target 3.649s (factor 0.9957x) -> actual 3.633333s
  scene 193: source 3.133333s -> target 2.993s (factor 1.0469x) -> actual 3.000000s
  scene 194: source 1.900000s -> target 3.027s (factor 0.6277x) -> actual 3.033333s
  scene 195: source 1.500000s -> target 2.355s (factor 0.6369x) -> actual 2.366667s
  scene 196: source 2.700000s -> target 3.277s (factor 0.8239x) -> actual 3.266016s
  scene 197: source 2.900000s -> target 3.169s (factor 0.9151x) -> actual 3.166667s
  scene 198: source 4.500000s -> target 6.803s (factor 0.6615x) -> actual 6.800000s
  scene 199: source 2.633333s -> target 2.721s (factor 0.9678x) -> actual 2.733333s
  scene 200: source 2.200000s -> target 2.244s (factor 0.9804x) -> actual 2.233333s
Stage 2/2 — concatenate (ascending order) + mux voice-over (Decision 2), encode H.264/AAC
Done: work/long-session-200-assembled.mp4
duration=563.566667
